L=[0.000,0.010] a=0.6667 b_in=0.5465 K=7.306 rho1=0.0776 rho2=0.0268 strip=5.60e-12 err=0.2094  M_4=0.9834 ['0.0213', '0.00294', '0.0533', '6.79e-16', '0.209', '2.27'] ALL_OK
COMB L=0.000 aup=0.68428 err_up=0.209400 OFF63=0.019038 OFF666=0.013282 minslack=0.774007 cls=4
L=[0.010,0.020] a=0.6665 b_in=0.5470 K=7.702 rho1=0.0805 rho2=0.0277 strip=5.67e-12 err=0.2170  M_4=0.9754 ['0.0228', '0.00294', '0.0548', '6.9e-16', '0.209', '2.3'] ALL_OK
COMB L=0.010 aup=0.68439 err_up=0.216972 OFF63=0.019039 OFF666=0.013283 minslack=0.758465 cls=4
L=[0.020,0.030] a=0.6663 b_in=0.5474 K=8.103 rho1=0.0827 rho2=0.0285 strip=5.68e-12 err=0.2230  M_4=0.9675 ['0.0241', '0.00294', '0.0556', '7.05e-16', '0.209', '2.31'] ALL_OK
COMB L=0.020 aup=0.68438 err_up=0.222984 OFF63=0.019039 OFF666=0.013283 minslack=0.744498 cls=4
L=[0.030,0.040] a=0.6660 b_in=0.5477 K=8.377 rho1=0.0836 rho2=0.0290 strip=5.62e-12 err=0.2260  M_4=0.9595 ['0.025', '0.00293', '0.0557', '7.24e-16', '0.21', '2.32'] ALL_OK
COMB L=0.030 aup=0.68427 err_up=0.225951 OFF63=0.019038 OFF666=0.013282 minslack=0.733592 cls=4
L=[0.040,0.050] a=0.6656 b_in=0.5479 K=8.498 rho1=0.0832 rho2=0.0292 strip=5.50e-12 err=0.2256  M_4=0.9516 ['0.0252', '0.00293', '0.0551', '7.47e-16', '0.21', '2.3'] ALL_OK
COMB L=0.040 aup=0.68405 err_up=0.225575 OFF63=0.019035 OFF666=0.013280 minslack=0.726046 cls=4
L=[0.050,0.060] a=0.6651 b_in=0.5480 K=8.463 rho1=0.0816 rho2=0.0291 strip=5.32e-12 err=0.2220  M_4=0.9437 ['0.0249', '0.00292', '0.0538', '7.74e-16', '0.21', '2.28'] ALL_OK
COMB L=0.050 aup=0.68371 err_up=0.222004 OFF63=0.019030 OFF666=0.013277 minslack=0.721715 cls=4
L=[0.060,0.070] a=0.6645 b_in=0.5480 K=8.287 rho1=0.0789 rho2=0.0286 strip=5.10e-12 err=0.2157  M_4=0.9358 ['0.024', '0.00291', '0.052', '8.07e-16', '0.21', '2.24'] ALL_OK
COMB L=0.060 aup=0.68327 err_up=0.215669 OFF63=0.019024 OFF666=0.013273 minslack=0.720167 cls=4
L=[0.070,0.080] a=0.6638 b_in=0.5479 K=7.993 rho1=0.0754 rho2=0.0279 strip=4.86e-12 err=0.2072  M_4=0.9280 ['0.0228', '0.0029', '0.0497', '8.45e-16', '0.21', '2.19'] ALL_OK
COMB L=0.070 aup=0.68272 err_up=0.207180 OFF63=0.019016 OFF666=0.013267 minslack=0.720794 cls=4
L=[0.080,0.090] a=0.6629 b_in=0.5477 K=7.606 rho1=0.0713 rho2=0.0270 strip=4.60e-12 err=0.1972  M_4=0.9201 ['0.0212', '0.00289', '0.0472', '8.89e-16', '0.21', '2.13'] ALL_OK
COMB L=0.080 aup=0.68206 err_up=0.197213 OFF63=0.019007 OFF666=0.013261 minslack=0.722920 cls=4
L=[0.090,0.100] a=0.6620 b_in=0.5474 K=7.158 rho1=0.0669 rho2=0.0260 strip=4.36e-12 err=0.1864  M_4=0.9123 ['0.0195', '0.00288', '0.0446', '9.4e-16', '0.21', '2.07'] ALL_OK
COMB L=0.090 aup=0.68129 err_up=0.186416 OFF63=0.018996 OFF666=0.013253 minslack=0.725901 cls=4
L=[0.100,0.110] a=0.6610 b_in=0.5470 K=6.673 rho1=0.0625 rho2=0.0249 strip=4.13e-12 err=0.1753  M_4=0.9045 ['0.0177', '0.00287', '0.0419', '9.98e-16', '0.209', '2'] ALL_OK
COMB L=0.100 aup=0.68042 err_up=0.175340 OFF63=0.018984 OFF666=0.013245 minslack=0.729183 cls=4
L=[0.110,0.120] a=0.6599 b_in=0.5466 K=6.176 rho1=0.0581 rho2=0.0239 strip=3.91e-12 err=0.1644  M_4=0.8968 ['0.016', '0.00285', '0.0393', '1.07e-15', '0.209', '1.93'] ALL_OK
COMB L=0.110 aup=0.67944 err_up=0.164416 OFF63=0.018971 OFF666=0.013235 minslack=0.732339 cls=4
L=[0.120,0.130] a=0.6586 b_in=0.5460 K=5.685 rho1=0.0540 rho2=0.0228 strip=3.73e-12 err=0.1540  M_4=0.8890 ['0.0143', '0.00284', '0.0368', '1.14e-15', '0.208', '1.86'] ALL_OK
COMB L=0.120 aup=0.67835 err_up=0.153951 OFF63=0.018955 OFF666=0.013225 minslack=0.735062 cls=4
L=[0.130,0.140] a=0.6573 b_in=0.5453 K=5.212 rho1=0.0501 rho2=0.0218 strip=3.57e-12 err=0.1441  M_4=0.8813 ['0.0128', '0.00282', '0.0345', '1.23e-15', '0.208', '1.79'] ALL_OK
COMB L=0.130 aup=0.67716 err_up=0.144143 OFF63=0.018939 OFF666=0.013213 minslack=0.737155 cls=4
L=[0.140,0.150] a=0.6559 b_in=0.5445 K=4.766 rho1=0.0466 rho2=0.0208 strip=3.45e-12 err=0.1352  M_4=0.8736 ['0.0114', '0.0028', '0.0324', '1.33e-15', '0.207', '1.72'] ALL_OK
COMB L=0.140 aup=0.67587 err_up=0.135241 OFF63=0.018921 OFF666=0.013201 minslack=0.738370 cls=4
L=[0.150,0.160] a=0.6544 b_in=0.5437 K=4.395 rho1=0.0438 rho2=0.0200 strip=3.38e-12 err=0.1280  M_4=0.8660 ['0.0103', '0.00279', '0.0308', '1.45e-15', '0.206', '1.67'] ALL_OK
COMB L=0.150 aup=0.67448 err_up=0.127991 OFF63=0.018901 OFF666=0.013187 minslack=0.737962 cls=4
L=[0.160,0.170] a=0.6528 b_in=0.5427 K=4.086 rho1=0.0413 rho2=0.0193 strip=3.33e-12 err=0.1215  M_4=0.8583 ['0.00935', '0.00277', '0.0292', '1.58e-15', '0.205', '1.61'] ALL_OK
COMB L=0.160 aup=0.67299 err_up=0.121527 OFF63=0.018880 OFF666=0.013172 minslack=0.736799 cls=4
L=[0.170,0.180] a=0.6511 b_in=0.5416 K=3.792 rho1=0.0389 rho2=0.0187 strip=3.30e-12 err=0.1155  M_4=0.8507 ['0.0085', '0.00275', '0.0277', '1.73e-15', '0.204', '1.56'] ALL_OK
COMB L=0.170 aup=0.67139 err_up=0.115480 OFF63=0.018858 OFF666=0.013157 minslack=0.735249 cls=4
L=[0.180,0.190] a=0.6493 b_in=0.5405 K=3.552 rho1=0.0368 rho2=0.0181 strip=3.29e-12 err=0.1102  M_4=0.8432 ['0.0078', '0.00273', '0.0263', '1.91e-15', '0.203', '1.5'] ALL_OK
COMB L=0.180 aup=0.66971 err_up=0.110152 OFF63=0.018834 OFF666=0.013140 minslack=0.733012 cls=4
L=[0.190,0.200] a=0.6474 b_in=0.5392 K=3.356 rho1=0.0349 rho2=0.0176 strip=3.31e-12 err=0.1054  M_4=0.8356 ['0.00723', '0.00271', '0.025', '2.11e-15', '0.202', '1.45'] ALL_OK
COMB L=0.190 aup=0.66792 err_up=0.105439 OFF63=0.018809 OFF666=0.013123 minslack=0.730193 cls=4
L=[0.200,0.210] a=0.6455 b_in=0.5378 K=3.167 rho1=0.0332 rho2=0.0172 strip=3.34e-12 err=0.1011  M_4=0.8281 ['0.0067', '0.00269', '0.0238', '2.34e-15', '0.201', '1.4'] ALL_OK
COMB L=0.200 aup=0.66604 err_up=0.101067 OFF63=0.018783 OFF666=0.013104 minslack=0.727066 cls=4
L=[0.210,0.220] a=0.6434 b_in=0.5363 K=2.989 rho1=0.0316 rho2=0.0167 strip=3.40e-12 err=0.0970  M_4=0.8207 ['0.00621', '0.00267', '0.0228', '2.62e-15', '0.2', '1.36'] ALL_OK
COMB L=0.210 aup=0.66407 err_up=0.097016 OFF63=0.018755 OFF666=0.013085 minslack=0.723653 cls=4
L=[0.220,0.230] a=0.6413 b_in=0.5347 K=2.821 rho1=0.0302 rho2=0.0163 strip=3.47e-12 err=0.0933  M_4=0.8132 ['0.00576', '0.00264', '0.0218', '2.93e-15', '0.198', '1.31'] ALL_OK
COMB L=0.220 aup=0.66201 err_up=0.093281 OFF63=0.018726 OFF666=0.013064 minslack=0.719960 cls=4
L=[0.230,0.240] a=0.6390 b_in=0.5330 K=2.664 rho1=0.0289 rho2=0.0160 strip=3.58e-12 err=0.0898  M_4=0.8058 ['0.00535', '0.00262', '0.0209', '3.29e-15', '0.197', '1.27'] ALL_OK
COMB L=0.230 aup=0.65986 err_up=0.089845 OFF63=0.018695 OFF666=0.013043 minslack=0.716004 cls=4
L=[0.240,0.250] a=0.6367 b_in=0.5313 K=2.518 rho1=0.0276 rho2=0.0156 strip=3.71e-12 err=0.0867  M_4=0.7985 ['0.00498', '0.0026', '0.0201', '3.72e-15', '0.196', '1.23'] ALL_OK
COMB L=0.240 aup=0.65762 err_up=0.086684 OFF63=0.018664 OFF666=0.013021 minslack=0.711809 cls=4
L=[0.250,0.260] a=0.6344 b_in=0.5294 K=2.383 rho1=0.0265 rho2=0.0153 strip=3.87e-12 err=0.0838  M_4=0.7912 ['0.00464', '0.00258', '0.0193', '4.22e-15', '0.194', '1.19'] ALL_OK
COMB L=0.250 aup=0.65531 err_up=0.083777 OFF63=0.018631 OFF666=0.012998 minslack=0.707399 cls=4
L=[0.260,0.270] a=0.6319 b_in=0.5275 K=2.257 rho1=0.0255 rho2=0.0150 strip=4.07e-12 err=0.0811  M_4=0.7839 ['0.00433', '0.00255', '0.0186', '4.8e-15', '0.193', '1.15'] ALL_OK
COMB L=0.260 aup=0.65292 err_up=0.081101 OFF63=0.018597 OFF666=0.012974 minslack=0.702796 cls=4
L=[0.270,0.280] a=0.6294 b_in=0.5255 K=2.141 rho1=0.0246 rho2=0.0147 strip=4.30e-12 err=0.0786  M_4=0.7767 ['0.00406', '0.00253', '0.018', '5.49e-15', '0.192', '1.11'] ALL_OK
COMB L=0.270 aup=0.65045 err_up=0.078634 OFF63=0.018561 OFF666=0.012950 minslack=0.698022 cls=4
L=[0.280,0.290] a=0.6267 b_in=0.5235 K=2.034 rho1=0.0237 rho2=0.0144 strip=4.57e-12 err=0.0764  M_4=0.7695 ['0.0038', '0.0025', '0.0174', '6.29e-15', '0.19', '1.08'] ALL_OK
COMB L=0.280 aup=0.64791 err_up=0.076358 OFF63=0.018525 OFF666=0.012925 minslack=0.693098 cls=4
L=[0.290,0.300] a=0.6241 b_in=0.5213 K=1.934 rho1=0.0229 rho2=0.0141 strip=4.88e-12 err=0.0743  M_4=0.7623 ['0.00357', '0.00248', '0.0168', '7.24e-15', '0.189', '1.05'] ALL_OK
COMB L=0.290 aup=0.64529 err_up=0.074254 OFF63=0.018488 OFF666=0.012898 minslack=0.688042 cls=4
L=[0.300,0.310] a=0.6213 b_in=0.5191 K=1.843 rho1=0.0222 rho2=0.0139 strip=5.25e-12 err=0.0723  M_4=0.7552 ['0.00336', '0.00246', '0.0164', '8.37e-15', '0.187', '1.02'] ALL_OK
COMB L=0.300 aup=0.64260 err_up=0.072317 OFF63=0.018449 OFF666=0.012871 minslack=0.682860 cls=4
L=[0.310,0.320] a=0.6185 b_in=0.5166 K=1.759 rho1=0.0215 rho2=0.0137 strip=5.67e-12 err=0.0705  M_4=0.7481 ['0.00318', '0.00243', '0.0159', '9.7e-15', '0.185', '0.989'] ALL_OK
COMB L=0.310 aup=0.63983 err_up=0.070539 OFF63=0.018409 OFF666=0.012844 minslack=0.677561 cls=4
L=[0.320,0.330] a=0.6156 b_in=0.5141 K=1.681 rho1=0.0209 rho2=0.0135 strip=6.16e-12 err=0.0689  M_4=0.7411 ['0.003', '0.00241', '0.0155', '1.13e-14', '0.184', '0.961'] ALL_OK
COMB L=0.320 aup=0.63700 err_up=0.068888 OFF63=0.018368 OFF666=0.012815 minslack=0.672177 cls=4
L=[0.330,0.340] a=0.6126 b_in=0.5116 K=1.609 rho1=0.0203 rho2=0.0133 strip=6.73e-12 err=0.0674  M_4=0.7341 ['0.00285', '0.00238', '0.0151', '1.31e-14', '0.182', '0.935'] ALL_OK
COMB L=0.330 aup=0.63409 err_up=0.067356 OFF63=0.018327 OFF666=0.012786 minslack=0.666718 cls=4
L=[0.340,0.350] a=0.6096 b_in=0.5089 K=1.542 rho1=0.0198 rho2=0.0131 strip=7.38e-12 err=0.0660  M_4=0.7271 ['0.0027', '0.00236', '0.0147', '1.54e-14', '0.18', '0.91'] ALL_OK
COMB L=0.340 aup=0.63112 err_up=0.065956 OFF63=0.018284 OFF666=0.012756 minslack=0.661170 cls=4
L=[0.350,0.360] a=0.6065 b_in=0.5059 K=1.480 rho1=0.0193 rho2=0.0129 strip=8.14e-12 err=0.0647  M_4=0.7202 ['0.00257', '0.00233', '0.0144', '1.8e-14', '0.179', '0.886'] ALL_OK
COMB L=0.350 aup=0.62809 err_up=0.064722 OFF63=0.018240 OFF666=0.012725 minslack=0.655499 cls=4
L=[0.360,0.370] a=0.6034 b_in=0.5029 K=1.423 rho1=0.0189 rho2=0.0128 strip=9.01e-12 err=0.0636  M_4=0.7134 ['0.00245', '0.00231', '0.0142', '2.12e-14', '0.177', '0.863'] ALL_OK
COMB L=0.360 aup=0.62499 err_up=0.063612 OFF63=0.018195 OFF666=0.012694 minslack=0.649749 cls=4
L=[0.370,0.380] a=0.6002 b_in=0.4997 K=1.371 rho1=0.0185 rho2=0.0127 strip=1.00e-11 err=0.0626  M_4=0.7065 ['0.00234', '0.00229', '0.0139', '2.51e-14', '0.176', '0.841'] ALL_OK
COMB L=0.370 aup=0.62183 err_up=0.062599 OFF63=0.018149 OFF666=0.012662 minslack=0.643946 cls=4
L=[0.380,0.390] a=0.5970 b_in=0.4965 K=1.323 rho1=0.0182 rho2=0.0126 strip=1.12e-11 err=0.0617  M_4=0.6998 ['0.00224', '0.00227', '0.0137', '2.96e-14', '0.174', '0.82'] ALL_OK
COMB L=0.380 aup=0.61861 err_up=0.061677 OFF63=0.018102 OFF666=0.012629 minslack=0.638099 cls=4
L=[0.390,0.400] a=0.5937 b_in=0.4932 K=1.279 rho1=0.0179 rho2=0.0125 strip=1.25e-11 err=0.0608  M_4=0.6931 ['0.00216', '0.00224', '0.0135', '3.51e-14', '0.173', '0.8'] ALL_OK
COMB L=0.390 aup=0.61534 err_up=0.060833 OFF63=0.018054 OFF666=0.012596 minslack=0.632219 cls=4
L=[0.400,0.410] a=0.5903 b_in=0.4899 K=1.239 rho1=0.0176 rho2=0.0124 strip=1.41e-11 err=0.0601  M_4=0.6864 ['0.00207', '0.00222', '0.0133', '4.18e-14', '0.171', '0.781'] ALL_OK
COMB L=0.400 aup=0.61202 err_up=0.060051 OFF63=0.018005 OFF666=0.012561 minslack=0.626323 cls=4
L=[0.410,0.420] a=0.5869 b_in=0.4865 K=1.202 rho1=0.0173 rho2=0.0123 strip=1.59e-11 err=0.0593  M_4=0.6797 ['0.002', '0.0022', '0.0131', '4.98e-14', '0.169', '0.763'] ALL_OK
COMB L=0.410 aup=0.60864 err_up=0.059329 OFF63=0.017955 OFF666=0.012527 minslack=0.620413 cls=4
L=[0.420,0.430] a=0.5835 b_in=0.4831 K=1.168 rho1=0.0170 rho2=0.0122 strip=1.79e-11 err=0.0587  M_4=0.6732 ['0.00193', '0.00218', '0.0129', '5.94e-14', '0.168', '0.745'] ALL_OK
COMB L=0.420 aup=0.60521 err_up=0.058661 OFF63=0.017904 OFF666=0.012491 minslack=0.614497 cls=4
L=[0.430,0.440] a=0.5800 b_in=0.4796 K=1.137 rho1=0.0168 rho2=0.0122 strip=2.03e-11 err=0.0580  M_4=0.6666 ['0.00187', '0.00216', '0.0128', '7.11e-14', '0.166', '0.729'] ALL_OK
COMB L=0.430 aup=0.60173 err_up=0.058036 OFF63=0.017853 OFF666=0.012455 minslack=0.608585 cls=4
L=[0.440,0.450] a=0.5765 b_in=0.4761 K=1.108 rho1=0.0166 rho2=0.0121 strip=2.31e-11 err=0.0575  M_4=0.6601 ['0.00181', '0.00213', '0.0126', '8.52e-14', '0.164', '0.712'] ALL_OK
COMB L=0.440 aup=0.59821 err_up=0.057454 OFF63=0.017800 OFF666=0.012419 minslack=0.602677 cls=4
L=[0.450,0.460] a=0.5729 b_in=0.4726 K=1.082 rho1=0.0164 rho2=0.0120 strip=2.63e-11 err=0.0569  M_4=0.6537 ['0.00176', '0.00211', '0.0125', '1.02e-13', '0.163', '0.697'] ALL_OK
COMB L=0.450 aup=0.59464 err_up=0.056909 OFF63=0.017747 OFF666=0.012382 minslack=0.596779 cls=4
L=[0.460,0.470] a=0.5693 b_in=0.4690 K=1.056 rho1=0.0162 rho2=0.0120 strip=3.01e-11 err=0.0564  M_4=0.6473 ['0.00171', '0.00209', '0.0124', '1.23e-13', '0.161', '0.682'] ALL_OK
COMB L=0.460 aup=0.59103 err_up=0.056395 OFF63=0.017693 OFF666=0.012344 minslack=0.590899 cls=4
L=[0.470,0.480] a=0.5656 b_in=0.4654 K=1.034 rho1=0.0160 rho2=0.0119 strip=3.44e-11 err=0.0559  M_4=0.6409 ['0.00167', '0.00207', '0.0122', '1.48e-13', '0.16', '0.668'] ALL_OK
COMB L=0.470 aup=0.58738 err_up=0.055916 OFF63=0.017639 OFF666=0.012306 minslack=0.585033 cls=4
L=[0.480,0.490] a=0.5620 b_in=0.4618 K=1.012 rho1=0.0158 rho2=0.0119 strip=3.95e-11 err=0.0555  M_4=0.6347 ['0.00163', '0.00204', '0.0121', '1.79e-13', '0.158', '0.654'] ALL_OK
COMB L=0.480 aup=0.58370 err_up=0.055462 OFF63=0.017583 OFF666=0.012267 minslack=0.579189 cls=4
L=[0.490,0.500] a=0.5583 b_in=0.4582 K=0.992 rho1=0.0156 rho2=0.0118 strip=4.54e-11 err=0.0550  M_4=0.6284 ['0.00159', '0.00202', '0.012', '2.16e-13', '0.156', '0.641'] ALL_OK
COMB L=0.490 aup=0.57998 err_up=0.055032 OFF63=0.017527 OFF666=0.012228 minslack=0.573369 cls=4
L=[0.500,0.510] a=0.5545 b_in=0.4546 K=0.974 rho1=0.0155 rho2=0.0118 strip=5.23e-11 err=0.0546  M_4=0.6222 ['0.00155', '0.002', '0.0119', '2.62e-13', '0.155', '0.628'] ALL_OK
COMB L=0.500 aup=0.57622 err_up=0.054630 OFF63=0.017470 OFF666=0.012189 minslack=0.567572 cls=4
L=[0.510,0.520] a=0.5508 b_in=0.4509 K=0.957 rho1=0.0153 rho2=0.0117 strip=6.04e-11 err=0.0542  M_4=0.6161 ['0.00152', '0.00198', '0.0118', '3.17e-13', '0.153', '0.615'] ALL_OK
COMB L=0.510 aup=0.57244 err_up=0.054247 OFF63=0.017413 OFF666=0.012149 minslack=0.561803 cls=4
L=[0.520,0.530] a=0.5470 b_in=0.4472 K=0.940 rho1=0.0152 rho2=0.0117 strip=6.98e-11 err=0.0539  M_4=0.6099 ['0.00149', '0.00196', '0.0118', '3.85e-13', '0.151', '0.603'] ALL_OK
COMB L=0.520 aup=0.56862 err_up=0.053886 OFF63=0.017355 OFF666=0.012108 minslack=0.556062 cls=4
L=[0.530,0.540] a=0.5431 b_in=0.4436 K=0.926 rho1=0.0151 rho2=0.0116 strip=8.08e-11 err=0.0536  M_4=0.6039 ['0.00146', '0.00193', '0.0117', '4.68e-13', '0.15', '0.592'] ALL_OK
COMB L=0.530 aup=0.56478 err_up=0.053553 OFF63=0.017296 OFF666=0.012067 minslack=0.550342 cls=4
L=[0.540,0.550] a=0.5393 b_in=0.4398 K=0.911 rho1=0.0150 rho2=0.0116 strip=9.36e-11 err=0.0533  M_4=0.5979 ['0.00143', '0.00191', '0.0116', '5.69e-13', '0.148', '0.581'] ALL_OK
COMB L=0.540 aup=0.56091 err_up=0.053253 OFF63=0.017237 OFF666=0.012026 minslack=0.544639 cls=4
L=[0.550,0.560] a=0.5355 b_in=0.4361 K=0.898 rho1=0.0149 rho2=0.0116 strip=1.09e-10 err=0.0530  M_4=0.5919 ['0.00141', '0.00191', '0.0115', '6.92e-13', '0.146', '0.57'] ALL_OK
COMB L=0.550 aup=0.55702 err_up=0.053023 OFF63=0.017177 OFF666=0.011984 minslack=0.538914 cls=4
L=[0.560,0.570] a=0.5316 b_in=0.4324 K=0.886 rho1=0.0148 rho2=0.0116 strip=1.26e-10 err=0.0528  M_4=0.5860 ['0.00138', '0.0019', '0.0115', '8.43e-13', '0.145', '0.559'] ALL_OK
COMB L=0.560 aup=0.55311 err_up=0.052816 OFF63=0.017116 OFF666=0.011942 minslack=0.533216 cls=4
L=[0.570,0.580] a=0.5277 b_in=0.4287 K=0.875 rho1=0.0147 rho2=0.0116 strip=1.47e-10 err=0.0526  M_4=0.5802 ['0.00136', '0.0019', '0.0114', '1.03e-12', '0.143', '0.549'] ALL_OK
COMB L=0.570 aup=0.54918 err_up=0.052624 OFF63=0.017055 OFF666=0.011899 minslack=0.527553 cls=4
L=[0.580,0.590] a=0.5238 b_in=0.4250 K=0.864 rho1=0.0146 rho2=0.0116 strip=1.71e-10 err=0.0525  M_4=0.5744 ['0.00134', '0.00189', '0.0114', '1.25e-12', '0.141', '0.54'] ALL_OK
COMB L=0.580 aup=0.54523 err_up=0.052451 OFF63=0.016994 OFF666=0.011856 minslack=0.521919 cls=4
L=[0.590,0.600] a=0.5198 b_in=0.4212 K=0.854 rho1=0.0145 rho2=0.0116 strip=1.99e-10 err=0.0523  M_4=0.5686 ['0.00132', '0.00188', '0.0113', '1.53e-12', '0.14', '0.53'] ALL_OK
COMB L=0.590 aup=0.54126 err_up=0.052294 OFF63=0.016932 OFF666=0.011813 minslack=0.516320 cls=4
L=[0.600,0.610] a=0.5159 b_in=0.4175 K=0.844 rho1=0.0145 rho2=0.0116 strip=2.32e-10 err=0.0521  M_4=0.5629 ['0.00131', '0.00188', '0.0113', '1.87e-12', '0.138', '0.521'] ALL_OK
COMB L=0.600 aup=0.53728 err_up=0.052149 OFF63=0.016870 OFF666=0.011770 minslack=0.510757 cls=4
L=[0.610,0.620] a=0.5120 b_in=0.4138 K=0.836 rho1=0.0144 rho2=0.0116 strip=2.71e-10 err=0.0520  M_4=0.5572 ['0.00129', '0.00187', '0.0112', '2.28e-12', '0.136', '0.512'] ALL_OK
COMB L=0.610 aup=0.53329 err_up=0.052021 OFF63=0.016807 OFF666=0.011726 minslack=0.505227 cls=4
L=[0.620,0.630] a=0.5080 b_in=0.4101 K=0.828 rho1=0.0144 rho2=0.0116 strip=3.17e-10 err=0.0520  M_4=0.5516 ['0.00127', '0.00187', '0.0112', '2.79e-12', '0.135', '0.503'] ALL_OK
COMB L=0.620 aup=0.52928 err_up=0.051992 OFF63=0.016744 OFF666=0.011682 minslack=0.499648 cls=4
L=[0.630,0.640] a=0.5041 b_in=0.4063 K=0.820 rho1=0.0144 rho2=0.0117 strip=3.71e-10 err=0.0522  M_4=0.5461 ['0.00126', '0.00186', '0.0113', '3.41e-12', '0.134', '0.495'] ALL_OK
COMB L=0.630 aup=0.52527 err_up=0.052213 OFF63=0.016680 OFF666=0.011637 minslack=0.493866 cls=4
L=[0.640,0.650] a=0.5001 b_in=0.4026 K=0.813 rho1=0.0144 rho2=0.0117 strip=4.33e-10 err=0.0524  M_4=0.5406 ['0.00125', '0.00185', '0.0113', '4.17e-12', '0.133', '0.487'] ALL_OK
COMB L=0.640 aup=0.52125 err_up=0.052440 OFF63=0.016616 OFF666=0.011593 minslack=0.488130 cls=4
L=[0.650,0.660] a=0.4961 b_in=0.3989 K=0.806 rho1=0.0145 rho2=0.0118 strip=5.07e-10 err=0.0527  M_4=0.5351 ['0.00123', '0.00185', '0.0114', '5.09e-12', '0.132', '0.479'] ALL_OK
COMB L=0.650 aup=0.51722 err_up=0.052672 OFF63=0.016552 OFF666=0.011548 minslack=0.482436 cls=4
L=[0.660,0.670] a=0.4921 b_in=0.3953 K=0.800 rho1=0.0145 rho2=0.0119 strip=5.94e-10 err=0.0529  M_4=0.5297 ['0.00122', '0.00184', '0.0114', '6.23e-12', '0.131', '0.471'] ALL_OK
COMB L=0.660 aup=0.51319 err_up=0.052909 OFF63=0.016487 OFF666=0.011503 minslack=0.476787 cls=4
L=[0.670,0.680] a=0.4882 b_in=0.3916 K=0.794 rho1=0.0146 rho2=0.0120 strip=6.95e-10 err=0.0532  M_4=0.5243 ['0.00121', '0.00184', '0.0115', '7.61e-12', '0.13', '0.463'] ALL_OK
COMB L=0.670 aup=0.50915 err_up=0.053152 OFF63=0.016422 OFF666=0.011457 minslack=0.471181 cls=4
L=[0.680,0.690] a=0.4842 b_in=0.3879 K=0.788 rho1=0.0146 rho2=0.0121 strip=8.14e-10 err=0.0534  M_4=0.5190 ['0.0012', '0.00183', '0.0116', '9.31e-12', '0.129', '0.456'] ALL_OK
COMB L=0.680 aup=0.50512 err_up=0.053397 OFF63=0.016357 OFF666=0.011412 minslack=0.465621 cls=4
L=[0.690,0.700] a=0.4802 b_in=0.3843 K=0.783 rho1=0.0146 rho2=0.0121 strip=9.53e-10 err=0.0536  M_4=0.5138 ['0.00119', '0.00183', '0.0116', '1.14e-11', '0.128', '0.449'] ALL_OK
COMB L=0.690 aup=0.50108 err_up=0.053649 OFF63=0.016291 OFF666=0.011366 minslack=0.460102 cls=4
L=[0.700,0.710] a=0.4763 b_in=0.3807 K=0.779 rho1=0.0147 rho2=0.0122 strip=1.12e-09 err=0.0539  M_4=0.5085 ['0.00118', '0.00182', '0.0117', '1.39e-11', '0.127', '0.442'] ALL_OK
COMB L=0.700 aup=0.49704 err_up=0.053903 OFF63=0.016226 OFF666=0.011320 minslack=0.454630 cls=4
L=[0.710,0.720] a=0.4723 b_in=0.3771 K=0.774 rho1=0.0147 rho2=0.0123 strip=1.31e-09 err=0.0542  M_4=0.5034 ['0.00117', '0.00182', '0.0117', '1.7e-11', '0.125', '0.435'] ALL_OK
COMB L=0.710 aup=0.49301 err_up=0.054160 OFF63=0.016160 OFF666=0.011274 minslack=0.449203 cls=4
L=[0.720,0.730] a=0.4683 b_in=0.3735 K=0.770 rho1=0.0148 rho2=0.0124 strip=1.53e-09 err=0.0544  M_4=0.4982 ['0.00117', '0.00181', '0.0118', '2.07e-11', '0.124', '0.429'] ALL_OK
COMB L=0.720 aup=0.48898 err_up=0.054419 OFF63=0.016093 OFF666=0.011228 minslack=0.443822 cls=4
L=[0.730,0.740] a=0.4644 b_in=0.3699 K=0.766 rho1=0.0148 rho2=0.0125 strip=1.79e-09 err=0.0547  M_4=0.4932 ['0.00116', '0.00181', '0.0119', '2.53e-11', '0.123', '0.422'] ALL_OK
COMB L=0.730 aup=0.48496 err_up=0.054680 OFF63=0.016027 OFF666=0.011182 minslack=0.438488 cls=4
L=[0.740,0.750] a=0.4604 b_in=0.3664 K=0.763 rho1=0.0149 rho2=0.0125 strip=2.10e-09 err=0.0549  M_4=0.4881 ['0.00115', '0.0018', '0.0119', '3.09e-11', '0.122', '0.416'] ALL_OK
COMB L=0.740 aup=0.48094 err_up=0.054945 OFF63=0.015961 OFF666=0.011135 minslack=0.433197 cls=4
L=[0.750,0.760] a=0.4565 b_in=0.3628 K=0.760 rho1=0.0149 rho2=0.0126 strip=2.46e-09 err=0.0552  M_4=0.4832 ['0.00115', '0.0018', '0.012', '3.77e-11', '0.121', '0.41'] ALL_OK
COMB L=0.750 aup=0.47693 err_up=0.055209 OFF63=0.015894 OFF666=0.011089 minslack=0.427953 cls=4
L=[0.760,0.770] a=0.4526 b_in=0.3593 K=0.757 rho1=0.0150 rho2=0.0127 strip=2.88e-09 err=0.0555  M_4=0.4782 ['0.00114', '0.0018', '0.0121', '4.6e-11', '0.12', '0.404'] ALL_OK
COMB L=0.760 aup=0.47292 err_up=0.055476 OFF63=0.015827 OFF666=0.011042 minslack=0.422755 cls=4
L=[0.770,0.780] a=0.4487 b_in=0.3559 K=0.754 rho1=0.0150 rho2=0.0128 strip=3.37e-09 err=0.0557  M_4=0.4733 ['0.00113', '0.00179', '0.0121', '5.6e-11', '0.119', '0.398'] ALL_OK
COMB L=0.770 aup=0.46893 err_up=0.055745 OFF63=0.015760 OFF666=0.010995 minslack=0.417601 cls=4
L=[0.780,0.790] a=0.4448 b_in=0.3524 K=0.751 rho1=0.0151 rho2=0.0129 strip=3.94e-09 err=0.0560  M_4=0.4685 ['0.00113', '0.00179', '0.0122', '6.82e-11', '0.117', '0.392'] ALL_OK
COMB L=0.780 aup=0.46495 err_up=0.056014 OFF63=0.015693 OFF666=0.010949 minslack=0.412494 cls=4
L=[0.790,0.800] a=0.4409 b_in=0.3490 K=0.749 rho1=0.0152 rho2=0.0129 strip=4.61e-09 err=0.0563  M_4=0.4637 ['0.00112', '0.00178', '0.0122', '8.3e-11', '0.116', '0.386'] ALL_OK
COMB L=0.790 aup=0.46098 err_up=0.056285 OFF63=0.015626 OFF666=0.010902 minslack=0.407432 cls=4
L=[0.800,0.810] a=0.4370 b_in=0.3456 K=0.747 rho1=0.0152 rho2=0.0130 strip=5.39e-09 err=0.0566  M_4=0.4590 ['0.00112', '0.00178', '0.0123', '1.01e-10', '0.115', '0.381'] ALL_OK
COMB L=0.800 aup=0.45702 err_up=0.056556 OFF63=0.015559 OFF666=0.010855 minslack=0.402415 cls=4
L=[0.810,0.820] a=0.4331 b_in=0.3422 K=0.745 rho1=0.0153 rho2=0.0131 strip=6.30e-09 err=0.0568  M_4=0.4543 ['0.00112', '0.00178', '0.0124', '1.23e-10', '0.114', '0.376'] ALL_OK
COMB L=0.810 aup=0.45308 err_up=0.056829 OFF63=0.015491 OFF666=0.010808 minslack=0.397443 cls=4
L=[0.820,0.830] a=0.4293 b_in=0.3388 K=0.744 rho1=0.0153 rho2=0.0132 strip=7.36e-09 err=0.0571  M_4=0.4496 ['0.00111', '0.00177', '0.0124', '1.49e-10', '0.113', '0.371'] ALL_OK
COMB L=0.820 aup=0.44915 err_up=0.057102 OFF63=0.015424 OFF666=0.010761 minslack=0.392516 cls=4
L=[0.830,0.840] a=0.4255 b_in=0.3355 K=0.742 rho1=0.0154 rho2=0.0133 strip=8.59e-09 err=0.0574  M_4=0.4450 ['0.00111', '0.00177', '0.0125', '1.8e-10', '0.112', '0.365'] ALL_OK
COMB L=0.830 aup=0.44523 err_up=0.057375 OFF63=0.015357 OFF666=0.010714 minslack=0.387635 cls=4
L=[0.840,0.850] a=0.4217 b_in=0.3322 K=0.741 rho1=0.0154 rho2=0.0133 strip=1.00e-08 err=0.0576  M_4=0.4404 ['0.00111', '0.00177', '0.0126', '2.19e-10', '0.11', '0.36'] ALL_OK
COMB L=0.840 aup=0.44133 err_up=0.057648 OFF63=0.015289 OFF666=0.010667 minslack=0.382798 cls=4
L=[0.850,0.860] a=0.4179 b_in=0.3289 K=0.740 rho1=0.0155 rho2=0.0134 strip=1.17e-08 err=0.0579  M_4=0.4359 ['0.0011', '0.00176', '0.0126', '2.65e-10', '0.109', '0.356'] ALL_OK
COMB L=0.850 aup=0.43745 err_up=0.057922 OFF63=0.015222 OFF666=0.010620 minslack=0.378006 cls=4
L=[0.860,0.870] a=0.4141 b_in=0.3257 K=0.739 rho1=0.0156 rho2=0.0135 strip=1.36e-08 err=0.0582  M_4=0.4315 ['0.0011', '0.00176', '0.0127', '3.2e-10', '0.108', '0.351'] ALL_OK
COMB L=0.860 aup=0.43359 err_up=0.058196 OFF63=0.015155 OFF666=0.010573 minslack=0.373258 cls=4
L=[0.870,0.880] a=0.4103 b_in=0.3225 K=0.738 rho1=0.0156 rho2=0.0136 strip=1.58e-08 err=0.0585  M_4=0.4270 ['0.0011', '0.00176', '0.0128', '3.87e-10', '0.107', '0.346'] ALL_OK
COMB L=0.870 aup=0.42974 err_up=0.058470 OFF63=0.015087 OFF666=0.010526 minslack=0.368555 cls=4
L=[0.880,0.890] a=0.4066 b_in=0.3193 K=0.738 rho1=0.0157 rho2=0.0136 strip=1.84e-08 err=0.0587  M_4=0.4226 ['0.0011', '0.00176', '0.0128', '4.67e-10', '0.106', '0.341'] ALL_OK
COMB L=0.880 aup=0.42592 err_up=0.058745 OFF63=0.015020 OFF666=0.010479 minslack=0.363895 cls=4
L=[0.890,0.900] a=0.4029 b_in=0.3161 K=0.738 rho1=0.0157 rho2=0.0137 strip=2.14e-08 err=0.0590  M_4=0.4183 ['0.0011', '0.00175', '0.0129', '5.63e-10', '0.105', '0.337'] ALL_OK
COMB L=0.890 aup=0.42211 err_up=0.059023 OFF63=0.014953 OFF666=0.010432 minslack=0.359274 cls=4
L=[0.900,0.910] a=0.3992 b_in=0.3130 K=0.739 rho1=0.0158 rho2=0.0138 strip=2.49e-08 err=0.0593  M_4=0.4140 ['0.0011', '0.00175', '0.0129', '6.78e-10', '0.103', '0.333'] ALL_OK
COMB L=0.900 aup=0.41833 err_up=0.059302 OFF63=0.014886 OFF666=0.010385 minslack=0.354696 cls=4
L=[0.910,0.920] a=0.3955 b_in=0.3099 K=0.739 rho1=0.0159 rho2=0.0139 strip=2.89e-08 err=0.0596  M_4=0.4097 ['0.0011', '0.00175', '0.013', '8.16e-10', '0.102', '0.328'] ALL_OK
COMB L=0.910 aup=0.41456 err_up=0.059581 OFF63=0.014818 OFF666=0.010338 minslack=0.350162 cls=4
L=[0.920,0.930] a=0.3919 b_in=0.3068 K=0.740 rho1=0.0159 rho2=0.0140 strip=3.35e-08 err=0.0599  M_4=0.4055 ['0.0011', '0.00175', '0.0131', '9.81e-10', '0.101', '0.324'] ALL_OK
COMB L=0.920 aup=0.41082 err_up=0.059859 OFF63=0.014751 OFF666=0.010292 minslack=0.345671 cls=4
L=[0.930,0.940] a=0.3882 b_in=0.3038 K=0.741 rho1=0.0160 rho2=0.0140 strip=3.88e-08 err=0.0601  M_4=0.4014 ['0.0011', '0.00174', '0.0131', '1.18e-09', '0.1', '0.32'] ALL_OK
COMB L=0.930 aup=0.40710 err_up=0.060138 OFF63=0.014684 OFF666=0.010245 minslack=0.341221 cls=4
L=[0.940,0.950] a=0.3846 b_in=0.3007 K=0.742 rho1=0.0160 rho2=0.0141 strip=4.49e-08 err=0.0604  M_4=0.3972 ['0.0011', '0.00174', '0.0132', '1.41e-09', '0.0989', '0.316'] ALL_OK
COMB L=0.940 aup=0.40340 err_up=0.060417 OFF63=0.014618 OFF666=0.010198 minslack=0.336814 cls=4
L=[0.950,0.960] a=0.3811 b_in=0.2978 K=0.743 rho1=0.0161 rho2=0.0142 strip=5.20e-08 err=0.0607  M_4=0.3931 ['0.0011', '0.00174', '0.0133', '1.69e-09', '0.0978', '0.312'] ALL_OK
COMB L=0.950 aup=0.39973 err_up=0.060694 OFF63=0.014551 OFF666=0.010152 minslack=0.332450 cls=4
L=[0.960,0.970] a=0.3775 b_in=0.2948 K=0.744 rho1=0.0162 rho2=0.0143 strip=6.01e-08 err=0.0610  M_4=0.3891 ['0.0011', '0.00174', '0.0133', '2.02e-09', '0.0967', '0.308'] ALL_OK
COMB L=0.960 aup=0.39608 err_up=0.060972 OFF63=0.014484 OFF666=0.010105 minslack=0.328126 cls=4
L=[0.970,0.980] a=0.3740 b_in=0.2919 K=0.746 rho1=0.0162 rho2=0.0144 strip=6.93e-08 err=0.0613  M_4=0.3851 ['0.0011', '0.00174', '0.0134', '2.42e-09', '0.0956', '0.304'] ALL_OK
COMB L=0.970 aup=0.39245 err_up=0.061251 OFF63=0.014418 OFF666=0.010059 minslack=0.323844 cls=4
L=[0.980,0.990] a=0.3705 b_in=0.2889 K=0.747 rho1=0.0163 rho2=0.0144 strip=8.00e-08 err=0.0615  M_4=0.3811 ['0.0011', '0.00173', '0.0134', '2.88e-09', '0.0945', '0.3'] ALL_OK
COMB L=0.980 aup=0.38885 err_up=0.061528 OFF63=0.014351 OFF666=0.010013 minslack=0.319603 cls=4
L=[0.990,1.000] a=0.3670 b_in=0.2861 K=0.749 rho1=0.0163 rho2=0.0145 strip=9.22e-08 err=0.0618  M_4=0.3772 ['0.00111', '0.00173', '0.0135', '3.43e-09', '0.0934', '0.296'] ALL_OK
COMB L=0.990 aup=0.38527 err_up=0.061805 OFF63=0.014285 OFF666=0.009967 minslack=0.315402 cls=4
L=[1.000,1.010] a=0.3635 b_in=0.2832 K=0.751 rho1=0.0164 rho2=0.0146 strip=1.06e-07 err=0.0621  M_4=0.3733 ['0.00111', '0.00173', '0.0136', '4.09e-09', '0.0923', '0.293'] ALL_OK
COMB L=1.000 aup=0.38172 err_up=0.062083 OFF63=0.014219 OFF666=0.009920 minslack=0.311240 cls=4
L=[1.010,1.020] a=0.3601 b_in=0.2804 K=0.753 rho1=0.0165 rho2=0.0147 strip=1.22e-07 err=0.0624  M_4=0.3695 ['0.00111', '0.00173', '0.0136', '4.86e-09', '0.0912', '0.289'] ALL_OK
COMB L=1.010 aup=0.37820 err_up=0.062361 OFF63=0.014153 OFF666=0.009875 minslack=0.307120 cls=4
L=[1.020,1.030] a=0.3567 b_in=0.2776 K=0.755 rho1=0.0165 rho2=0.0147 strip=1.40e-07 err=0.0626  M_4=0.3657 ['0.00111', '0.00173', '0.0137', '5.77e-09', '0.0901', '0.286'] ALL_OK
COMB L=1.020 aup=0.37470 err_up=0.062636 OFF63=0.014088 OFF666=0.009829 minslack=0.303040 cls=4
L=[1.030,1.040] a=0.3533 b_in=0.2748 K=0.757 rho1=0.0166 rho2=0.0148 strip=1.61e-07 err=0.0629  M_4=0.3619 ['0.00112', '0.00173', '0.0138', '6.84e-09', '0.0891', '0.282'] ALL_OK
COMB L=1.030 aup=0.37122 err_up=0.062913 OFF63=0.014022 OFF666=0.009783 minslack=0.298997 cls=4
L=[1.040,1.050] a=0.3500 b_in=0.2721 K=0.759 rho1=0.0167 rho2=0.0149 strip=1.85e-07 err=0.0632  M_4=0.3582 ['0.00112', '0.00173', '0.0138', '8.09e-09', '0.088', '0.279'] ALL_OK
COMB L=1.040 aup=0.36777 err_up=0.063190 OFF63=0.013957 OFF666=0.009738 minslack=0.294995 cls=4
COMBINATION ASSERTED (slack > OFF, arb) on every box; N0=821  boxes=210  all classes certified on every box: True
class 0: worst err/margin = 0.0566
class 1: worst err/margin = 0.2225
class 2: worst err/margin = 0.2241
class 3: worst err/margin = 0.2350
class 4: worst err/margin = 0.2370
L=[1.050,1.060] a=0.3466 b_in=0.2694 K=0.762 rho1=0.0167 rho2=0.0150 strip=2.11e-07 err=0.0635  M_4=0.3545 ['0.00112', '0.00173', '0.0139', '9.57e-09', '0.087', '0.275'] ALL_OK
COMB L=1.050 aup=0.36435 err_up=0.063465 OFF63=0.013892 OFF666=0.009692 minslack=0.291031 cls=4
L=[1.060,1.070] a=0.3433 b_in=0.2667 K=0.764 rho1=0.0168 rho2=0.0150 strip=2.42e-07 err=0.0637  M_4=0.3508 ['0.00112', '0.00173', '0.0139', '1.13e-08', '0.0859', '0.272'] ALL_OK
COMB L=1.060 aup=0.36096 err_up=0.063741 OFF63=0.013827 OFF666=0.009647 minslack=0.287106 cls=4
L=[1.070,1.080] a=0.3401 b_in=0.2641 K=0.767 rho1=0.0168 rho2=0.0151 strip=2.76e-07 err=0.0640  M_4=0.3472 ['0.00113', '0.00173', '0.014', '1.33e-08', '0.0849', '0.269'] ALL_OK
COMB L=1.070 aup=0.35759 err_up=0.064016 OFF63=0.013762 OFF666=0.009602 minslack=0.283218 cls=4
L=[1.080,1.090] a=0.3368 b_in=0.2615 K=0.770 rho1=0.0169 rho2=0.0152 strip=3.16e-07 err=0.0643  M_4=0.3437 ['0.00113', '0.00173', '0.0141', '1.57e-08', '0.0839', '0.266'] ALL_OK
COMB L=1.080 aup=0.35425 err_up=0.064294 OFF63=0.013698 OFF666=0.009557 minslack=0.279364 cls=4
L=[1.090,1.100] a=0.3336 b_in=0.2589 K=0.772 rho1=0.0170 rho2=0.0153 strip=3.60e-07 err=0.0646  M_4=0.3401 ['0.00113', '0.00173', '0.0141', '1.85e-08', '0.0829', '0.263'] ALL_OK
COMB L=1.090 aup=0.35093 err_up=0.064595 OFF63=0.013634 OFF666=0.009512 minslack=0.275526 cls=4
L=[1.100,1.110] a=0.3304 b_in=0.2563 K=0.775 rho1=0.0170 rho2=0.0154 strip=4.10e-07 err=0.0649  M_4=0.3366 ['0.00114', '0.00174', '0.0142', '2.17e-08', '0.0819', '0.259'] ALL_OK
COMB L=1.100 aup=0.34765 err_up=0.064895 OFF63=0.013570 OFF666=0.009467 minslack=0.271724 cls=4
L=[1.110,1.120] a=0.3273 b_in=0.2538 K=0.778 rho1=0.0171 rho2=0.0154 strip=4.67e-07 err=0.0652  M_4=0.3332 ['0.00114', '0.00175', '0.0142', '2.54e-08', '0.0809', '0.256'] ALL_OK
COMB L=1.110 aup=0.34439 err_up=0.065194 OFF63=0.013506 OFF666=0.009423 minslack=0.267960 cls=4
L=[1.120,1.130] a=0.3241 b_in=0.2512 K=0.781 rho1=0.0172 rho2=0.0155 strip=5.31e-07 err=0.0655  M_4=0.3297 ['0.00115', '0.00175', '0.0143', '2.98e-08', '0.0799', '0.253'] ALL_OK
COMB L=1.120 aup=0.34116 err_up=0.065493 OFF63=0.013443 OFF666=0.009379 minslack=0.264231 cls=4
L=[1.130,1.140] a=0.3210 b_in=0.2488 K=0.784 rho1=0.0173 rho2=0.0156 strip=6.03e-07 err=0.0658  M_4=0.3263 ['0.00115', '0.00176', '0.0143', '3.48e-08', '0.079', '0.25'] ALL_OK
COMB L=1.130 aup=0.33795 err_up=0.065792 OFF63=0.013379 OFF666=0.009334 minslack=0.260539 cls=4
L=[1.140,1.150] a=0.3179 b_in=0.2463 K=0.788 rho1=0.0173 rho2=0.0157 strip=6.84e-07 err=0.0661  M_4=0.3230 ['0.00115', '0.00177', '0.0144', '4.06e-08', '0.078', '0.248'] ALL_OK
COMB L=1.140 aup=0.33478 err_up=0.066090 OFF63=0.013316 OFF666=0.009290 minslack=0.256883 cls=4
L=[1.150,1.160] a=0.3149 b_in=0.2439 K=0.791 rho1=0.0174 rho2=0.0158 strip=7.75e-07 err=0.0664  M_4=0.3196 ['0.00116', '0.00177', '0.0145', '4.74e-08', '0.0771', '0.245'] ALL_OK
COMB L=1.150 aup=0.33163 err_up=0.066388 OFF63=0.013254 OFF666=0.009247 minslack=0.253261 cls=4
L=[1.160,1.170] a=0.3119 b_in=0.2415 K=0.794 rho1=0.0175 rho2=0.0158 strip=8.77e-07 err=0.0667  M_4=0.3164 ['0.00116', '0.00178', '0.0145', '5.52e-08', '0.0761', '0.242'] ALL_OK
COMB L=1.160 aup=0.32851 err_up=0.066685 OFF63=0.013191 OFF666=0.009203 minslack=0.249675 cls=4
L=[1.170,1.180] a=0.3089 b_in=0.2391 K=0.798 rho1=0.0175 rho2=0.0159 strip=9.92e-07 err=0.0670  M_4=0.3131 ['0.00117', '0.00179', '0.0146', '6.42e-08', '0.0752', '0.239'] ALL_OK
COMB L=1.170 aup=0.32542 err_up=0.066983 OFF63=0.013129 OFF666=0.009160 minslack=0.246123 cls=4
L=[1.180,1.190] a=0.3059 b_in=0.2367 K=0.801 rho1=0.0176 rho2=0.0160 strip=1.12e-06 err=0.0673  M_4=0.3099 ['0.00117', '0.00179', '0.0146', '7.46e-08', '0.0743', '0.236'] ALL_OK
COMB L=1.180 aup=0.32235 err_up=0.067279 OFF63=0.013067 OFF666=0.009116 minslack=0.242606 cls=4
L=[1.190,1.200] a=0.3029 b_in=0.2344 K=0.805 rho1=0.0177 rho2=0.0161 strip=1.26e-06 err=0.0676  M_4=0.3067 ['0.00118', '0.0018', '0.0147', '8.65e-08', '0.0734', '0.234'] ALL_OK
COMB L=1.190 aup=0.31931 err_up=0.067575 OFF63=0.013005 OFF666=0.009073 minslack=0.239123 cls=4
L=[1.200,1.210] a=0.3000 b_in=0.2321 K=0.809 rho1=0.0177 rho2=0.0162 strip=1.42e-06 err=0.0679  M_4=0.3035 ['0.00118', '0.00181', '0.0147', '1e-07', '0.0725', '0.231'] ALL_OK
COMB L=1.200 aup=0.31631 err_up=0.067872 OFF63=0.012944 OFF666=0.009031 minslack=0.235672 cls=4
L=[1.210,1.220] a=0.2971 b_in=0.2298 K=0.813 rho1=0.0178 rho2=0.0162 strip=1.60e-06 err=0.0682  M_4=0.3004 ['0.00119', '0.00181', '0.0148', '1.16e-07', '0.0716', '0.228'] ALL_OK
COMB L=1.210 aup=0.31333 err_up=0.068168 OFF63=0.012883 OFF666=0.008988 minslack=0.232255 cls=4
L=[1.220,1.230] a=0.2943 b_in=0.2276 K=0.816 rho1=0.0179 rho2=0.0163 strip=1.80e-06 err=0.0685  M_4=0.2973 ['0.00119', '0.00182', '0.0149', '1.34e-07', '0.0707', '0.226'] ALL_OK
COMB L=1.220 aup=0.31037 err_up=0.068464 OFF63=0.012822 OFF666=0.008945 minslack=0.228871 cls=4
L=[1.230,1.240] a=0.2915 b_in=0.2253 K=0.820 rho1=0.0179 rho2=0.0164 strip=2.03e-06 err=0.0688  M_4=0.2943 ['0.0012', '0.00183', '0.0149', '1.54e-07', '0.0698', '0.223'] ALL_OK
COMB L=1.230 aup=0.30745 err_up=0.068759 OFF63=0.012761 OFF666=0.008903 minslack=0.225521 cls=4
L=[1.240,1.250] a=0.2886 b_in=0.2231 K=0.824 rho1=0.0180 rho2=0.0165 strip=2.27e-06 err=0.0691  M_4=0.2913 ['0.0012', '0.00183', '0.015', '1.78e-07', '0.069', '0.221'] ALL_OK
COMB L=1.240 aup=0.30455 err_up=0.069054 OFF63=0.012701 OFF666=0.008861 minslack=0.222201 cls=4
L=[1.250,1.260] a=0.2859 b_in=0.2210 K=0.828 rho1=0.0181 rho2=0.0165 strip=2.55e-06 err=0.0693  M_4=0.2883 ['0.00121', '0.00184', '0.015', '2.05e-07', '0.0681', '0.218'] ALL_OK
COMB L=1.250 aup=0.30168 err_up=0.069350 OFF63=0.012641 OFF666=0.008819 minslack=0.218913 cls=4
L=[1.260,1.270] a=0.2831 b_in=0.2188 K=0.833 rho1=0.0181 rho2=0.0166 strip=2.85e-06 err=0.0696  M_4=0.2853 ['0.00121', '0.00185', '0.0151', '2.35e-07', '0.0673', '0.216'] ALL_OK
COMB L=1.260 aup=0.29884 err_up=0.069644 OFF63=0.012581 OFF666=0.008778 minslack=0.215658 cls=4
L=[1.270,1.280] a=0.2804 b_in=0.2167 K=0.837 rho1=0.0182 rho2=0.0167 strip=3.19e-06 err=0.0699  M_4=0.2824 ['0.00122', '0.00185', '0.0151', '2.7e-07', '0.0665', '0.213'] ALL_OK
COMB L=1.270 aup=0.29602 err_up=0.069939 OFF63=0.012522 OFF666=0.008736 minslack=0.212433 cls=4
L=[1.280,1.290] a=0.2777 b_in=0.2146 K=0.841 rho1=0.0183 rho2=0.0168 strip=3.57e-06 err=0.0702  M_4=0.2795 ['0.00122', '0.00186', '0.0152', '3.09e-07', '0.0657', '0.211'] ALL_OK
COMB L=1.280 aup=0.29324 err_up=0.070233 OFF63=0.012463 OFF666=0.008695 minslack=0.209240 cls=4
L=[1.290,1.300] a=0.2750 b_in=0.2125 K=0.846 rho1=0.0184 rho2=0.0169 strip=3.98e-06 err=0.0705  M_4=0.2766 ['0.00123', '0.00187', '0.0153', '3.54e-07', '0.0649', '0.209'] ALL_OK
COMB L=1.290 aup=0.29048 err_up=0.070528 OFF63=0.012404 OFF666=0.008654 minslack=0.206077 cls=4
L=[1.300,1.310] a=0.2724 b_in=0.2104 K=0.850 rho1=0.0184 rho2=0.0169 strip=4.44e-06 err=0.0708  M_4=0.2738 ['0.00124', '0.00187', '0.0153', '4.05e-07', '0.0641', '0.206'] ALL_OK
COMB L=1.300 aup=0.28774 err_up=0.070822 OFF63=0.012345 OFF666=0.008613 minslack=0.202943 cls=4
L=[1.310,1.320] a=0.2698 b_in=0.2084 K=0.854 rho1=0.0185 rho2=0.0170 strip=4.94e-06 err=0.0711  M_4=0.2710 ['0.00124', '0.00188', '0.0154', '4.62e-07', '0.0633', '0.204'] ALL_OK
COMB L=1.310 aup=0.28504 err_up=0.071117 OFF63=0.012287 OFF666=0.008573 minslack=0.199840 cls=4
L=[1.320,1.330] a=0.2672 b_in=0.2064 K=0.859 rho1=0.0186 rho2=0.0171 strip=5.50e-06 err=0.0714  M_4=0.2682 ['0.00125', '0.00189', '0.0154', '5.27e-07', '0.0625', '0.202'] ALL_OK
COMB L=1.320 aup=0.28236 err_up=0.071410 OFF63=0.012229 OFF666=0.008532 minslack=0.196766 cls=4
L=[1.330,1.340] a=0.2646 b_in=0.2044 K=0.864 rho1=0.0186 rho2=0.0172 strip=6.11e-06 err=0.0717  M_4=0.2654 ['0.00125', '0.00189', '0.0155', '5.99e-07', '0.0617', '0.2'] ALL_OK
COMB L=1.330 aup=0.27971 err_up=0.071705 OFF63=0.012172 OFF666=0.008492 minslack=0.193721 cls=4
L=[1.340,1.350] a=0.2621 b_in=0.2024 K=0.868 rho1=0.0187 rho2=0.0173 strip=6.79e-06 err=0.0720  M_4=0.2627 ['0.00126', '0.0019', '0.0155', '6.82e-07', '0.061', '0.197'] ALL_OK
COMB L=1.340 aup=0.27708 err_up=0.071999 OFF63=0.012115 OFF666=0.008452 minslack=0.190705 cls=4
L=[1.350,1.360] a=0.2596 b_in=0.2005 K=0.873 rho1=0.0188 rho2=0.0173 strip=7.53e-06 err=0.0723  M_4=0.2600 ['0.00127', '0.00191', '0.0156', '7.74e-07', '0.0602', '0.195'] ALL_OK
COMB L=1.350 aup=0.27448 err_up=0.072294 OFF63=0.012058 OFF666=0.008412 minslack=0.187718 cls=4
L=[1.360,1.370] a=0.2571 b_in=0.1985 K=0.878 rho1=0.0188 rho2=0.0174 strip=8.34e-06 err=0.0726  M_4=0.2573 ['0.00127', '0.00191', '0.0156', '8.78e-07', '0.0595', '0.193'] ALL_OK
COMB L=1.360 aup=0.27191 err_up=0.072588 OFF63=0.012001 OFF666=0.008373 minslack=0.184758 cls=4
L=[1.370,1.380] a=0.2546 b_in=0.1966 K=0.883 rho1=0.0189 rho2=0.0175 strip=9.24e-06 err=0.0729  M_4=0.2547 ['0.00128', '0.00192', '0.0157', '9.94e-07', '0.0588', '0.191'] ALL_OK
COMB L=1.370 aup=0.26936 err_up=0.072884 OFF63=0.011945 OFF666=0.008333 minslack=0.181826 cls=4
L=[1.380,1.390] a=0.2522 b_in=0.1948 K=0.888 rho1=0.0190 rho2=0.0176 strip=1.02e-05 err=0.0732  M_4=0.2521 ['0.00129', '0.00193', '0.0158', '1.12e-06', '0.058', '0.189'] ALL_OK
COMB L=1.380 aup=0.26684 err_up=0.073179 OFF63=0.011889 OFF666=0.008294 minslack=0.178922 cls=4
L=[1.390,1.400] a=0.2498 b_in=0.1929 K=0.893 rho1=0.0190 rho2=0.0176 strip=1.13e-05 err=0.0735  M_4=0.2495 ['0.00129', '0.00193', '0.0158', '1.27e-06', '0.0573', '0.187'] ALL_OK
COMB L=1.390 aup=0.26434 err_up=0.073475 OFF63=0.011833 OFF666=0.008255 minslack=0.176044 cls=4
L=[1.400,1.410] a=0.2474 b_in=0.1911 K=0.898 rho1=0.0191 rho2=0.0177 strip=1.24e-05 err=0.0738  M_4=0.2470 ['0.0013', '0.00194', '0.0159', '1.43e-06', '0.0566', '0.185'] ALL_OK
COMB L=1.400 aup=0.26187 err_up=0.073772 OFF63=0.011777 OFF666=0.008217 minslack=0.173192 cls=4
L=[1.410,1.420] a=0.2450 b_in=0.1892 K=0.903 rho1=0.0192 rho2=0.0178 strip=1.37e-05 err=0.0741  M_4=0.2444 ['0.00131', '0.00195', '0.0159', '1.62e-06', '0.0559', '0.183'] ALL_OK
COMB L=1.410 aup=0.25943 err_up=0.074070 OFF63=0.011722 OFF666=0.008178 minslack=0.170366 cls=4
L=[1.420,1.430] a=0.2427 b_in=0.1874 K=0.909 rho1=0.0192 rho2=0.0179 strip=1.51e-05 err=0.0744  M_4=0.2419 ['0.00131', '0.00195', '0.016', '1.82e-06', '0.0552', '0.181'] ALL_OK
COMB L=1.420 aup=0.25701 err_up=0.074368 OFF63=0.011667 OFF666=0.008140 minslack=0.167566 cls=4
L=[1.430,1.440] a=0.2404 b_in=0.1857 K=0.914 rho1=0.0193 rho2=0.0180 strip=1.66e-05 err=0.0747  M_4=0.2395 ['0.00132', '0.00196', '0.016', '2.04e-06', '0.0546', '0.179'] ALL_OK
COMB L=1.430 aup=0.25461 err_up=0.074669 OFF63=0.011613 OFF666=0.008102 minslack=0.164791 cls=4
L=[1.440,1.450] a=0.2381 b_in=0.1839 K=0.919 rho1=0.0194 rho2=0.0180 strip=1.83e-05 err=0.0750  M_4=0.2370 ['0.00133', '0.00197', '0.0161', '2.3e-06', '0.0539', '0.177'] ALL_OK
COMB L=1.440 aup=0.25224 err_up=0.074971 OFF63=0.011559 OFF666=0.008064 minslack=0.162040 cls=4
L=[1.450,1.460] a=0.2358 b_in=0.1822 K=0.925 rho1=0.0195 rho2=0.0181 strip=2.01e-05 err=0.0753  M_4=0.2346 ['0.00134', '0.00197', '0.0161', '2.58e-06', '0.0532', '0.175'] ALL_OK
COMB L=1.450 aup=0.24990 err_up=0.075272 OFF63=0.011505 OFF666=0.008027 minslack=0.159314 cls=4
L=[1.460,1.470] a=0.2336 b_in=0.1804 K=0.930 rho1=0.0195 rho2=0.0182 strip=2.20e-05 err=0.0756  M_4=0.2322 ['0.00134', '0.00198', '0.0162', '2.88e-06', '0.0526', '0.173'] ALL_OK
COMB L=1.460 aup=0.24757 err_up=0.075575 OFF63=0.011451 OFF666=0.007989 minslack=0.156613 cls=4
L=[1.470,1.480] a=0.2314 b_in=0.1787 K=0.936 rho1=0.0196 rho2=0.0183 strip=2.42e-05 err=0.0759  M_4=0.2298 ['0.00135', '0.00199', '0.0163', '3.23e-06', '0.0519', '0.172'] ALL_OK
COMB L=1.470 aup=0.24528 err_up=0.075880 OFF63=0.011398 OFF666=0.007952 minslack=0.153935 cls=4
L=[1.480,1.490] a=0.2292 b_in=0.1771 K=0.941 rho1=0.0197 rho2=0.0183 strip=2.64e-05 err=0.0762  M_4=0.2275 ['0.00136', '0.00199', '0.0163', '3.61e-06', '0.0513', '0.17'] ALL_OK
COMB L=1.480 aup=0.24300 err_up=0.076185 OFF63=0.011345 OFF666=0.007915 minslack=0.151282 cls=4
L=[1.490,1.500] a=0.2270 b_in=0.1754 K=0.947 rho1=0.0197 rho2=0.0184 strip=2.89e-05 err=0.0765  M_4=0.2251 ['0.00137', '0.002', '0.0164', '4.03e-06', '0.0507', '0.168'] ALL_OK
COMB L=1.490 aup=0.24075 err_up=0.076491 OFF63=0.011293 OFF666=0.007879 minslack=0.148652 cls=4
L=[1.500,1.510] a=0.2249 b_in=0.1737 K=0.953 rho1=0.0198 rho2=0.0185 strip=3.16e-05 err=0.0768  M_4=0.2228 ['0.00137', '0.002', '0.0164', '4.49e-06', '0.0501', '0.166'] ALL_OK
COMB L=1.500 aup=0.23853 err_up=0.076798 OFF63=0.011240 OFF666=0.007842 minslack=0.146046 cls=4
L=[1.510,1.520] a=0.2227 b_in=0.1721 K=0.958 rho1=0.0199 rho2=0.0186 strip=3.45e-05 err=0.0771  M_4=0.2206 ['0.00138', '0.00201', '0.0165', '5e-06', '0.0495', '0.165'] ALL_OK
COMB L=1.510 aup=0.23633 err_up=0.077106 OFF63=0.011188 OFF666=0.007806 minslack=0.143463 cls=4
L=[1.520,1.530] a=0.2206 b_in=0.1705 K=0.964 rho1=0.0199 rho2=0.0187 strip=3.77e-05 err=0.0774  M_4=0.2183 ['0.00139', '0.00202', '0.0165', '5.56e-06', '0.0489', '0.163'] ALL_OK
COMB L=1.520 aup=0.23415 err_up=0.077416 OFF63=0.011137 OFF666=0.007770 minslack=0.140901 cls=4
L=[1.530,1.540] a=0.2186 b_in=0.1689 K=0.970 rho1=0.0200 rho2=0.0187 strip=4.11e-05 err=0.0777  M_4=0.2161 ['0.0014', '0.00202', '0.0166', '6.18e-06', '0.0483', '0.161'] ALL_OK
COMB L=1.530 aup=0.23199 err_up=0.077727 OFF63=0.011085 OFF666=0.007734 minslack=0.138362 cls=4
L=[1.540,1.550] a=0.2165 b_in=0.1674 K=0.976 rho1=0.0201 rho2=0.0188 strip=4.47e-05 err=0.0780  M_4=0.2139 ['0.00141', '0.00203', '0.0166', '6.86e-06', '0.0477', '0.16'] ALL_OK
COMB L=1.540 aup=0.22986 err_up=0.078040 OFF63=0.011034 OFF666=0.007698 minslack=0.135845 cls=4
L=[1.550,1.560] a=0.2145 b_in=0.1658 K=0.982 rho1=0.0202 rho2=0.0189 strip=4.87e-05 err=0.0784  M_4=0.2117 ['0.00141', '0.00204', '0.0167', '7.61e-06', '0.0471', '0.158'] ALL_OK
COMB L=1.550 aup=0.22775 err_up=0.078354 OFF63=0.010983 OFF666=0.007663 minslack=0.133349 cls=4
L=[1.560,1.570] a=0.2125 b_in=0.1643 K=0.988 rho1=0.0202 rho2=0.0190 strip=5.29e-05 err=0.0787  M_4=0.2095 ['0.00142', '0.00204', '0.0168', '8.43e-06', '0.0465', '0.156'] ALL_OK
COMB L=1.560 aup=0.22566 err_up=0.078670 OFF63=0.010933 OFF666=0.007628 minslack=0.130875 cls=4
L=[1.570,1.580] a=0.2105 b_in=0.1627 K=0.995 rho1=0.0203 rho2=0.0190 strip=5.75e-05 err=0.0790  M_4=0.2074 ['0.00143', '0.00205', '0.0168', '9.33e-06', '0.046', '0.155'] ALL_OK
COMB L=1.570 aup=0.22359 err_up=0.078989 OFF63=0.010883 OFF666=0.007593 minslack=0.128420 cls=4
L=[1.580,1.590] a=0.2085 b_in=0.1612 K=1.001 rho1=0.0204 rho2=0.0191 strip=6.24e-05 err=0.0793  M_4=0.2053 ['0.00144', '0.00206', '0.0169', '1.03e-05', '0.0454', '0.153'] ALL_OK
COMB L=1.580 aup=0.22155 err_up=0.079309 OFF63=0.010833 OFF666=0.007558 minslack=0.125986 cls=4
L=[1.590,1.600] a=0.2066 b_in=0.1597 K=1.007 rho1=0.0204 rho2=0.0192 strip=6.77e-05 err=0.0796  M_4=0.2032 ['0.00145', '0.00206', '0.0169', '1.14e-05', '0.0449', '0.152'] ALL_OK
COMB L=1.590 aup=0.21952 err_up=0.079632 OFF63=0.010783 OFF666=0.007523 minslack=0.123572 cls=4
L=[1.600,1.610] a=0.2046 b_in=0.1583 K=1.014 rho1=0.0205 rho2=0.0193 strip=7.33e-05 err=0.0800  M_4=0.2011 ['0.00146', '0.00207', '0.017', '1.26e-05', '0.0443', '0.15'] ALL_OK
COMB L=1.600 aup=0.21752 err_up=0.079958 OFF63=0.010734 OFF666=0.007489 minslack=0.121176 cls=4
L=[1.610,1.620] a=0.2027 b_in=0.1568 K=1.020 rho1=0.0206 rho2=0.0194 strip=7.94e-05 err=0.0803  M_4=0.1991 ['0.00147', '0.00208', '0.017', '1.38e-05', '0.0438', '0.149'] ALL_OK
COMB L=1.610 aup=0.21554 err_up=0.080286 OFF63=0.010685 OFF666=0.007455 minslack=0.118800 cls=4
L=[1.620,1.630] a=0.2009 b_in=0.1554 K=1.027 rho1=0.0207 rho2=0.0194 strip=8.58e-05 err=0.0806  M_4=0.1971 ['0.00148', '0.00208', '0.0171', '1.52e-05', '0.0433', '0.147'] ALL_OK
COMB L=1.620 aup=0.21358 err_up=0.080616 OFF63=0.010636 OFF666=0.007421 minslack=0.116442 cls=4
L=[1.630,1.640] a=0.1990 b_in=0.1540 K=1.033 rho1=0.0207 rho2=0.0195 strip=9.28e-05 err=0.0809  M_4=0.1951 ['0.00148', '0.00209', '0.0171', '1.67e-05', '0.0428', '0.146'] ALL_OK
COMB L=1.630 aup=0.21164 err_up=0.080949 OFF63=0.010588 OFF666=0.007387 minslack=0.114104 cls=4
L=[1.640,1.650] a=0.1971 b_in=0.1526 K=1.040 rho1=0.0208 rho2=0.0196 strip=1.00e-04 err=0.0813  M_4=0.1931 ['0.00149', '0.0021', '0.0172', '1.84e-05', '0.0422', '0.144'] ALL_OK
COMB L=1.640 aup=0.20973 err_up=0.081284 OFF63=0.010540 OFF666=0.007353 minslack=0.111784 cls=4
L=[1.650,1.660] a=0.1953 b_in=0.1512 K=1.047 rho1=0.0209 rho2=0.0197 strip=1.08e-04 err=0.0816  M_4=0.1911 ['0.0015', '0.0021', '0.0173', '2.02e-05', '0.0417', '0.143'] ALL_OK
COMB L=1.650 aup=0.20783 err_up=0.081622 OFF63=0.010492 OFF666=0.007320 minslack=0.109481 cls=4
L=[1.660,1.670] a=0.1935 b_in=0.1498 K=1.054 rho1=0.0210 rho2=0.0198 strip=1.17e-04 err=0.0820  M_4=0.1892 ['0.00151', '0.00211', '0.0173', '2.21e-05', '0.0412', '0.141'] ALL_OK
COMB L=1.660 aup=0.20595 err_up=0.081965 OFF63=0.010444 OFF666=0.007287 minslack=0.107195 cls=4
L=[1.670,1.680] a=0.1917 b_in=0.1484 K=1.061 rho1=0.0210 rho2=0.0199 strip=1.26e-04 err=0.0823  M_4=0.1872 ['0.00152', '0.00212', '0.0174', '2.42e-05', '0.0408', '0.14'] ALL_OK
COMB L=1.670 aup=0.20409 err_up=0.082311 OFF63=0.010397 OFF666=0.007254 minslack=0.104926 cls=4
L=[1.680,1.690] a=0.1900 b_in=0.1471 K=1.068 rho1=0.0211 rho2=0.0199 strip=1.35e-04 err=0.0827  M_4=0.1853 ['0.00153', '0.00212', '0.0174', '2.65e-05', '0.0403', '0.138'] ALL_OK
COMB L=1.680 aup=0.20226 err_up=0.082660 OFF63=0.010350 OFF666=0.007221 minslack=0.102674 cls=4
L=[1.690,1.700] a=0.1882 b_in=0.1458 K=1.074 rho1=0.0212 rho2=0.0200 strip=1.45e-04 err=0.0830  M_4=0.1834 ['0.00154', '0.00213', '0.0175', '2.9e-05', '0.0398', '0.137'] ALL_OK
COMB L=1.690 aup=0.20044 err_up=0.083012 OFF63=0.010304 OFF666=0.007189 minslack=0.100437 cls=4
L=[1.700,1.710] a=0.1865 b_in=0.1444 K=1.082 rho1=0.0213 rho2=0.0201 strip=1.56e-04 err=0.0834  M_4=0.1816 ['0.00155', '0.00213', '0.0175', '3.17e-05', '0.0393', '0.135'] ALL_OK
COMB L=1.700 aup=0.19864 err_up=0.083369 OFF63=0.010257 OFF666=0.007156 minslack=0.098217 cls=4
L=[1.710,1.720] a=0.1848 b_in=0.1431 K=1.089 rho1=0.0213 rho2=0.0202 strip=1.68e-04 err=0.0837  M_4=0.1797 ['0.00156', '0.00214', '0.0176', '3.46e-05', '0.0389', '0.134'] ALL_OK
COMB L=1.710 aup=0.19686 err_up=0.083730 OFF63=0.010211 OFF666=0.007124 minslack=0.096011 cls=4
L=[1.720,1.730] a=0.1831 b_in=0.1419 K=1.096 rho1=0.0214 rho2=0.0203 strip=1.80e-04 err=0.0841  M_4=0.1779 ['0.00157', '0.00215', '0.0177', '3.77e-05', '0.0384', '0.133'] ALL_OK
COMB L=1.720 aup=0.19510 err_up=0.084095 OFF63=0.010166 OFF666=0.007092 minslack=0.093821 cls=4
L=[1.730,1.740] a=0.1814 b_in=0.1406 K=1.103 rho1=0.0215 rho2=0.0203 strip=1.93e-04 err=0.0845  M_4=0.1761 ['0.00158', '0.00215', '0.0177', '4.1e-05', '0.0379', '0.131'] ALL_OK
COMB L=1.730 aup=0.19336 err_up=0.084465 OFF63=0.010120 OFF666=0.007061 minslack=0.091645 cls=4
L=[1.740,1.750] a=0.1798 b_in=0.1393 K=1.110 rho1=0.0216 rho2=0.0204 strip=2.07e-04 err=0.0848  M_4=0.1743 ['0.00159', '0.00216', '0.0178', '4.46e-05', '0.0375', '0.13'] ALL_OK
COMB L=1.740 aup=0.19164 err_up=0.084840 OFF63=0.010075 OFF666=0.007029 minslack=0.089482 cls=4
L=[1.750,1.760] a=0.1781 b_in=0.1381 K=1.118 rho1=0.0216 rho2=0.0205 strip=2.22e-04 err=0.0852  M_4=0.1726 ['0.0016', '0.00217', '0.0178', '4.85e-05', '0.0371', '0.129'] ALL_OK
COMB L=1.750 aup=0.18993 err_up=0.085220 OFF63=0.010030 OFF666=0.006998 minslack=0.087333 cls=4
L=[1.760,1.770] a=0.1765 b_in=0.1368 K=1.125 rho1=0.0217 rho2=0.0206 strip=2.37e-04 err=0.0856  M_4=0.1708 ['0.00161', '0.00217', '0.0179', '5.27e-05', '0.0366', '0.127'] ALL_OK
COMB L=1.760 aup=0.18825 err_up=0.085605 OFF63=0.009985 OFF666=0.006967 minslack=0.085197 cls=4
L=[1.770,1.780] a=0.1749 b_in=0.1356 K=1.132 rho1=0.0218 rho2=0.0207 strip=2.54e-04 err=0.0860  M_4=0.1691 ['0.00162', '0.00218', '0.0179', '5.72e-05', '0.0362', '0.126'] ALL_OK
COMB L=1.770 aup=0.18658 err_up=0.085997 OFF63=0.009941 OFF666=0.006936 minslack=0.083073 cls=4
L=[1.780,1.790] a=0.1733 b_in=0.1344 K=1.140 rho1=0.0219 rho2=0.0208 strip=2.71e-04 err=0.0864  M_4=0.1674 ['0.00163', '0.00219', '0.018', '6.21e-05', '0.0358', '0.125'] ALL_OK
COMB L=1.780 aup=0.18493 err_up=0.086394 OFF63=0.009897 OFF666=0.006905 minslack=0.080961 cls=4
L=[1.790,1.800] a=0.1718 b_in=0.1332 K=1.147 rho1=0.0220 rho2=0.0209 strip=2.89e-04 err=0.0868  M_4=0.1657 ['0.00164', '0.00219', '0.0181', '6.72e-05', '0.0354', '0.123'] ALL_OK
COMB L=1.790 aup=0.18330 err_up=0.086798 OFF63=0.009853 OFF666=0.006874 minslack=0.078861 cls=4
L=[1.800,1.810] a=0.1702 b_in=0.1320 K=1.155 rho1=0.0220 rho2=0.0209 strip=3.09e-04 err=0.0872  M_4=0.1640 ['0.00165', '0.0022', '0.0181', '7.28e-05', '0.0349', '0.122'] ALL_OK
COMB L=1.800 aup=0.18168 err_up=0.087209 OFF63=0.009810 OFF666=0.006844 minslack=0.076771 cls=4
L=[1.810,1.820] a=0.1687 b_in=0.1309 K=1.162 rho1=0.0221 rho2=0.0210 strip=3.29e-04 err=0.0876  M_4=0.1623 ['0.00166', '0.00221', '0.0182', '7.87e-05', '0.0345', '0.121'] ALL_OK
COMB L=1.810 aup=0.18008 err_up=0.087626 OFF63=0.009767 OFF666=0.006814 minslack=0.074692 cls=4
L=[1.820,1.830] a=0.1672 b_in=0.1297 K=1.170 rho1=0.0222 rho2=0.0211 strip=3.51e-04 err=0.0880  M_4=0.1607 ['0.00167', '0.00221', '0.0182', '8.51e-05', '0.0341', '0.12'] ALL_OK
COMB L=1.820 aup=0.17850 err_up=0.088050 OFF63=0.009724 OFF666=0.006784 minslack=0.072623 cls=4
L=[1.830,1.840] a=0.1657 b_in=0.1286 K=1.178 rho1=0.0223 rho2=0.0212 strip=3.74e-04 err=0.0885  M_4=0.1590 ['0.00168', '0.00222', '0.0183', '9.19e-05', '0.0337', '0.118'] ALL_OK
COMB L=1.830 aup=0.17694 err_up=0.088481 OFF63=0.009681 OFF666=0.006754 minslack=0.070565 cls=4
L=[1.840,1.850] a=0.1642 b_in=0.1275 K=1.186 rho1=0.0224 rho2=0.0213 strip=3.98e-04 err=0.0889  M_4=0.1574 ['0.00169', '0.00222', '0.0184', '9.92e-05', '0.0334', '0.117'] ALL_OK
COMB L=1.840 aup=0.17539 err_up=0.088920 OFF63=0.009638 OFF666=0.006724 minslack=0.068515 cls=4
L=[1.850,1.860] a=0.1627 b_in=0.1263 K=1.194 rho1=0.0225 rho2=0.0214 strip=4.23e-04 err=0.0894  M_4=0.1558 ['0.0017', '0.00223', '0.0184', '0.000107', '0.033', '0.116'] ALL_OK
COMB L=1.850 aup=0.17386 err_up=0.089366 OFF63=0.009596 OFF666=0.006695 minslack=0.066475 cls=4
L=[1.860,1.870] a=0.1613 b_in=0.1252 K=1.201 rho1=0.0225 rho2=0.0215 strip=4.50e-04 err=0.0898  M_4=0.1543 ['0.00172', '0.00224', '0.0185', '0.000115', '0.0326', '0.115'] ALL_OK
COMB L=1.860 aup=0.17234 err_up=0.089821 OFF63=0.009554 OFF666=0.006666 minslack=0.064442 cls=4
L=[1.870,1.880] a=0.1598 b_in=0.1241 K=1.209 rho1=0.0226 rho2=0.0216 strip=4.78e-04 err=0.0903  M_4=0.1527 ['0.00173', '0.00224', '0.0185', '0.000124', '0.0322', '0.114'] ALL_OK
COMB L=1.870 aup=0.17084 err_up=0.090284 OFF63=0.009513 OFF666=0.006637 minslack=0.062418 cls=4
L=[1.880,1.890] a=0.1584 b_in=0.1231 K=1.217 rho1=0.0227 rho2=0.0217 strip=5.07e-04 err=0.0908  M_4=0.1512 ['0.00174', '0.00225', '0.0186', '0.000133', '0.0318', '0.112'] ALL_OK
COMB L=1.880 aup=0.16936 err_up=0.090756 OFF63=0.009471 OFF666=0.006608 minslack=0.060400 cls=4
L=[1.890,1.900] a=0.1570 b_in=0.1220 K=1.226 rho1=0.0228 rho2=0.0218 strip=5.38e-04 err=0.0912  M_4=0.1496 ['0.00175', '0.00226', '0.0186', '0.000143', '0.0315', '0.111'] ALL_OK
COMB L=1.890 aup=0.16789 err_up=0.091238 OFF63=0.009430 OFF666=0.006579 minslack=0.058389 cls=4
L=[1.900,1.910] a=0.1556 b_in=0.1209 K=1.234 rho1=0.0229 rho2=0.0219 strip=5.71e-04 err=0.0917  M_4=0.1481 ['0.00176', '0.00226', '0.0187', '0.000154', '0.0311', '0.11'] ALL_OK
COMB L=1.900 aup=0.16644 err_up=0.091729 OFF63=0.009389 OFF666=0.006551 minslack=0.056385 cls=4
L=[1.910,1.920] a=0.1543 b_in=0.1199 K=1.242 rho1=0.0230 rho2=0.0220 strip=6.05e-04 err=0.0922  M_4=0.1466 ['0.00177', '0.00227', '0.0188', '0.000165', '0.0308', '0.109'] ALL_OK
COMB L=1.910 aup=0.16500 err_up=0.092230 OFF63=0.009349 OFF666=0.006522 minslack=0.054386 cls=4
L=[1.920,1.930] a=0.1529 b_in=0.1188 K=1.250 rho1=0.0231 rho2=0.0221 strip=6.41e-04 err=0.0927  M_4=0.1451 ['0.00178', '0.00228', '0.0188', '0.000177', '0.0304', '0.108'] ALL_OK
COMB L=1.920 aup=0.16358 err_up=0.092741 OFF63=0.009308 OFF666=0.006494 minslack=0.052393 cls=4
L=[1.930,1.940] a=0.1516 b_in=0.1178 K=1.258 rho1=0.0232 rho2=0.0222 strip=6.78e-04 err=0.0933  M_4=0.1437 ['0.00179', '0.00228', '0.0189', '0.00019', '0.0301', '0.107'] ALL_OK
COMB L=1.930 aup=0.16218 err_up=0.093263 OFF63=0.009268 OFF666=0.006466 minslack=0.050404 cls=4
L=[1.940,1.950] a=0.1502 b_in=0.1168 K=1.267 rho1=0.0232 rho2=0.0223 strip=7.17e-04 err=0.0938  M_4=0.1422 ['0.00181', '0.00229', '0.0189', '0.000203', '0.0297', '0.106'] ALL_OK
COMB L=1.940 aup=0.16078 err_up=0.093797 OFF63=0.009228 OFF666=0.006438 minslack=0.048419 cls=4
L=[1.950,1.960] a=0.1489 b_in=0.1158 K=1.275 rho1=0.0233 rho2=0.0224 strip=7.58e-04 err=0.0943  M_4=0.1408 ['0.00182', '0.0023', '0.019', '0.000218', '0.0294', '0.105'] ALL_OK
COMB L=1.950 aup=0.15941 err_up=0.094341 OFF63=0.009189 OFF666=0.006411 minslack=0.046437 cls=4
L=[1.960,1.970] a=0.1476 b_in=0.1148 K=1.283 rho1=0.0234 rho2=0.0225 strip=8.01e-04 err=0.0949  M_4=0.1394 ['0.00183', '0.0023', '0.0191', '0.000233', '0.0291', '0.104'] ALL_OK
COMB L=1.960 aup=0.15804 err_up=0.094898 OFF63=0.009149 OFF666=0.006383 minslack=0.044459 cls=4
L=[1.970,1.980] a=0.1463 b_in=0.1138 K=1.292 rho1=0.0235 rho2=0.0226 strip=8.46e-04 err=0.0955  M_4=0.1379 ['0.00184', '0.00231', '0.0191', '0.000249', '0.0287', '0.102'] ALL_OK
COMB L=1.970 aup=0.15670 err_up=0.095467 OFF63=0.009110 OFF666=0.006356 minslack=0.042482 cls=4
L=[1.980,1.990] a=0.1450 b_in=0.1128 K=1.301 rho1=0.0236 rho2=0.0227 strip=8.93e-04 err=0.0960  M_4=0.1366 ['0.00185', '0.00232', '0.0192', '0.000266', '0.0284', '0.101'] ALL_OK
COMB L=1.980 aup=0.15536 err_up=0.096049 OFF63=0.009071 OFF666=0.006329 minslack=0.040507 cls=4
L=[1.990,2.000] a=0.1438 b_in=0.1119 K=1.309 rho1=0.0237 rho2=0.0228 strip=9.42e-04 err=0.0966  M_4=0.1352 ['0.00186', '0.00232', '0.0193', '0.000284', '0.0281', '0.1'] ALL_OK
COMB L=1.990 aup=0.15404 err_up=0.096644 OFF63=0.009033 OFF666=0.006302 minslack=0.038533 cls=4
L=[2.000,2.010] a=0.1425 b_in=0.1109 K=1.318 rho1=0.0238 rho2=0.0229 strip=9.93e-04 err=0.0973  M_4=0.1338 ['0.00188', '0.00233', '0.0193', '0.000303', '0.0278', '0.0993'] ALL_OK
COMB L=2.000 aup=0.15274 err_up=0.097253 OFF63=0.008994 OFF666=0.006275 minslack=0.036560 cls=4
L=[2.010,2.020] a=0.1413 b_in=0.1100 K=1.327 rho1=0.0239 rho2=0.0230 strip=1.05e-03 err=0.0979  M_4=0.1325 ['0.00189', '0.00233', '0.0194', '0.000322', '0.0275', '0.0983'] ALL_OK
COMB L=2.010 aup=0.15144 err_up=0.097875 OFF63=0.008956 OFF666=0.006249 minslack=0.034587 cls=4
L=[2.020,2.030] a=0.1401 b_in=0.1091 K=1.335 rho1=0.0240 rho2=0.0231 strip=1.10e-03 err=0.0985  M_4=0.1311 ['0.0019', '0.00234', '0.0194', '0.000343', '0.0272', '0.0973'] ALL_OK
COMB L=2.020 aup=0.15017 err_up=0.098512 OFF63=0.008918 OFF666=0.006222 minslack=0.032613 cls=4
L=[2.030,2.040] a=0.1389 b_in=0.1081 K=1.344 rho1=0.0241 rho2=0.0232 strip=1.16e-03 err=0.0992  M_4=0.1298 ['0.00191', '0.00235', '0.0195', '0.000366', '0.0269', '0.0963'] ALL_OK
COMB L=2.030 aup=0.14890 err_up=0.099165 OFF63=0.008881 OFF666=0.006196 minslack=0.030616 cls=4
L=[2.040,2.050] a=0.1377 b_in=0.1072 K=1.353 rho1=0.0242 rho2=0.0233 strip=1.22e-03 err=0.0998  M_4=0.1285 ['0.00192', '0.00235', '0.0196', '0.000389', '0.0266', '0.0953'] ALL_OK
COMB L=2.040 aup=0.14765 err_up=0.099833 OFF63=0.008843 OFF666=0.006170 minslack=0.028639 cls=4
L=[2.050,2.060] a=0.1365 b_in=0.1063 K=1.362 rho1=0.0243 rho2=0.0234 strip=1.28e-03 err=0.1005  M_4=0.1272 ['0.00194', '0.00236', '0.0196', '0.000414', '0.0263', '0.0943'] ALL_OK
COMB L=2.050 aup=0.14641 err_up=0.100517 OFF63=0.008806 OFF666=0.006144 minslack=0.026660 cls=4
L=[2.060,2.070] a=0.1353 b_in=0.1054 K=1.371 rho1=0.0245 rho2=0.0235 strip=1.35e-03 err=0.1012  M_4=0.1259 ['0.00195', '0.00237', '0.0197', '0.000439', '0.026', '0.0934'] ALL_OK
COMB L=2.060 aup=0.14518 err_up=0.101218 OFF63=0.008769 OFF666=0.006118 minslack=0.024677 cls=4
L=[2.070,2.080] a=0.1342 b_in=0.1045 K=1.380 rho1=0.0246 rho2=0.0237 strip=1.42e-03 err=0.1019  M_4=0.1246 ['0.00196', '0.00237', '0.0198', '0.000467', '0.0257', '0.0924'] ALL_OK
COMB L=2.070 aup=0.14397 err_up=0.101936 OFF63=0.008732 OFF666=0.006092 minslack=0.022690 cls=4
L=[2.080,2.090] a=0.1330 b_in=0.1037 K=1.389 rho1=0.0247 rho2=0.0238 strip=1.49e-03 err=0.1027  M_4=0.1234 ['0.00197', '0.00238', '0.0198', '0.000495', '0.0254', '0.0915'] ALL_OK
COMB L=2.080 aup=0.14277 err_up=0.102671 OFF63=0.008696 OFF666=0.006067 minslack=0.020699 cls=4
L=[2.090,2.100] a=0.1319 b_in=0.1028 K=1.398 rho1=0.0248 rho2=0.0239 strip=1.56e-03 err=0.1034  M_4=0.1221 ['0.00199', '0.00239', '0.0199', '0.000525', '0.0251', '0.0905'] ALL_OK
COMB L=2.090 aup=0.14158 err_up=0.103424 OFF63=0.008660 OFF666=0.006042 minslack=0.018703 cls=4
COMBINATION ASSERTED (slack > OFF, arb) on every box; N0=821  boxes=210  all classes certified on every box: True
class 0: worst err/margin = 0.0279
class 1: worst err/margin = 0.0504
class 2: worst err/margin = 0.0738
class 3: worst err/margin = 0.7977
class 4: worst err/margin = 0.8469
